// Jest Snapshot v1, https://goo.gl/fbAQLP

exports[`Currency Component renders 1`] = `
<div
  class="currency-field-wrapper"
>
  <input
    class="currency-field"
    inputmode="numeric"
    type="text"
    value=""
  />
</div>
`;
