// Jest Snapshot v1, https://goo.gl/fbAQLP

exports[`Verify Component renders 1`] = `
<div
  class="code-field-wrapper"
>
  <input
    class="code-field"
    id="code"
    inputmode="numeric"
    name="code"
    type="text"
    value=""
  />
  <small
    class="note"
  >
    By clicking the "Call or Text Me Now‚Äù button below, you agree to receive promotional messages sent via an autodialer and other automated systems. This agreement isn't a condition of any purchase. Terms and Privacy Policy can be found at 
    <a
      aria-label="Terms of Use Page Link"
      href="/terms-of-use"
    >
      Terms
    </a>
     and 
    <a
      aria-label="Privacy Policy Page Link"
      href="/privacy-policy"
    >
      Privacy Policy.
    </a>
     You may receive every week until you tell us to stop trying to contact you. To stop receiving phone calls, call 
    <a
      href="tel:+18009211420"
    >
      800-921-1420.
    </a>
     To stop receiving text messages, reply STOP. To stop receiving emails, click the UNSUBSCRIBE button in the message.
  </small>
</div>
`;
