// Jest Snapshot v1, https://goo.gl/fbAQLP

exports[`Phone Component renders 1`] = `
<div
  class="phone-field-wrapper"
>
  <input
    class="phone-field"
    id="phone"
    inputmode="numeric"
    name="phone"
    type="tel"
    value=""
  />
</div>
`;
